// Jest Snapshot v1, https://goo.gl/fbAQLP

exports[`matches snapshot with GitHub details 1`] = `
<Fragment>
  <ExternalLink
    href="https://www.npmjs.com/package/angular-gulp-boilerplate"
  >
    <strong>
      Angular-Gulp-Boilerplate
    </strong>
  </ExternalLink>
   
  /
   
  <ExternalLink
    href="https://github.com/loginov-rocks/Angular-Gulp-Boilerplate"
  >
    GitHub
  </ExternalLink>
  <br />
  <GitHubRepositoryDetails
    repository={
      Object {
        "description": "Clean but full featured AngularJS boilerplate using Gulp workflow and best practices",
        "homepageUrl": "https://www.npmjs.com/package/angular-gulp-boilerplate",
        "isArchived": false,
        "language": "JavaScript",
        "latestTag": "v1.0.10",
        "name": "Angular-Gulp-Boilerplate",
        "stars": 29,
        "updatedAt": 1614276648000,
        "url": "https://github.com/loginov-rocks/Angular-Gulp-Boilerplate",
      }
    }
  />
</Fragment>
`;

exports[`matches snapshot without GitHub details 1`] = `
<Fragment>
  <strong>
    Some work
  </strong>
</Fragment>
`;
