// Jest Snapshot v1, https://goo.gl/fbAQLP

exports[`matches snapshot 1`] = `
<li>
  <strong>
    Some work
  </strong>
</li>
`;

exports[`matches snapshot with GitHub repo 1`] = `
<li>
  <strong>
    Angular-Gulp-Boilerplate
  </strong>
   
  /
   
  <Link
    href="https://github.com/loginov-rocks/Angular-Gulp-Boilerplate"
  >
    GitHub
  </Link>
  <br />
  <GitHubWorkDetails
    repo={
      Object {
        "description": "Clean but full featured AngularJS boilerplate using Gulp workflow and best practices",
        "homepageUrl": "https://www.npmjs.com/package/angular-gulp-boilerplate",
        "language": "JavaScript",
        "latestVersion": "",
        "stars": 29,
        "title": "Angular-Gulp-Boilerplate",
        "updatedAt": 1613486363000,
        "url": "https://github.com/loginov-rocks/Angular-Gulp-Boilerplate",
      }
    }
  />
</li>
`;
