// Jest Snapshot v1, https://goo.gl/fbAQLP

exports[`matches snapshot 1`] = `
<BrowserRouter>
  <Switch>
    <Route
      exact={true}
      path="/"
    >
      <Home
        data={
          Object {
            "default": Object {
              "openSource": Object {
                "libraries": Array [
                  "UbxGps",
                  "bluetooth-terminal",
                  "canvas-heightmap",
                  "comments-extractor",
                  "gulpdoc",
                  "gulp-locales-bundler",
                  "locales-bundler",
                  "react-native-redux-form",
                  "redux-repository",
                  "three-sky",
                  "ooyala-player-component",
                ],
                "projects": Array [
                  "Web-Bluetooth-Terminal",
                  "Portfolio",
                  "Firebase-Authenticator",
                  "Angular-Gulp-Boilerplate",
                  "Connected-Espresso-Machine",
                  "NodeMCU-Arduino-PlatformIO",
                  "loginov-rocks",
                  "Node-AWS-App",
                  "Cordova-Bluetooth-Terminal",
                ],
              },
              "socialPresenceItems": Array [
                Object {
                  "title": "LinkedIn",
                  "url": "https://www.linkedin.com/in/loginov-rocks/",
                },
                Object {
                  "title": "GitHub",
                  "url": "https://github.com/loginov-rocks",
                },
                Object {
                  "title": "Medium",
                  "url": "https://loginov-rocks.medium.com/",
                },
                Object {
                  "title": "DRIVE2",
                  "url": "https://www.drive2.com/r/toyota/chaser/288230376151952785/",
                  "url2": "https://www.drive2.ru/r/toyota/chaser/288230376151952785/",
                },
                Object {
                  "title": "Instagram",
                  "url": "https://www.instagram.com/loginov_rocks/",
                },
                Object {
                  "title": "Facebook",
                  "url": "https://www.facebook.com/1oginov",
                },
                Object {
                  "title": "Twitter",
                  "url": "https://twitter.com/loginov_rocks",
                },
                Object {
                  "title": "npm",
                  "url": "https://www.npmjs.com/~loginov-rocks",
                },
              ],
            },
            "openSource": Object {
              "libraries": Array [
                "UbxGps",
                "bluetooth-terminal",
                "canvas-heightmap",
                "comments-extractor",
                "gulpdoc",
                "gulp-locales-bundler",
                "locales-bundler",
                "react-native-redux-form",
                "redux-repository",
                "three-sky",
                "ooyala-player-component",
              ],
              "projects": Array [
                "Web-Bluetooth-Terminal",
                "Portfolio",
                "Firebase-Authenticator",
                "Angular-Gulp-Boilerplate",
                "Connected-Espresso-Machine",
                "NodeMCU-Arduino-PlatformIO",
                "loginov-rocks",
                "Node-AWS-App",
                "Cordova-Bluetooth-Terminal",
              ],
            },
            "socialPresenceItems": Array [
              Object {
                "title": "LinkedIn",
                "url": "https://www.linkedin.com/in/loginov-rocks/",
              },
              Object {
                "title": "GitHub",
                "url": "https://github.com/loginov-rocks",
              },
              Object {
                "title": "Medium",
                "url": "https://loginov-rocks.medium.com/",
              },
              Object {
                "title": "DRIVE2",
                "url": "https://www.drive2.com/r/toyota/chaser/288230376151952785/",
                "url2": "https://www.drive2.ru/r/toyota/chaser/288230376151952785/",
              },
              Object {
                "title": "Instagram",
                "url": "https://www.instagram.com/loginov_rocks/",
              },
              Object {
                "title": "Facebook",
                "url": "https://www.facebook.com/1oginov",
              },
              Object {
                "title": "Twitter",
                "url": "https://twitter.com/loginov_rocks",
              },
              Object {
                "title": "npm",
                "url": "https://www.npmjs.com/~loginov-rocks",
              },
            ],
          }
        }
      />
    </Route>
    <Route
      path="/dolph"
    >
      <Dolph />
    </Route>
    <Route
      path="*"
    >
      <NotFound />
    </Route>
  </Switch>
</BrowserRouter>
`;
