// Jest Snapshot v1, https://goo.gl/fbAQLP

exports[`matches snapshot 1`] = `
<Fragment>
  <h1>
    Hello!
  </h1>
  <p>
    I am
     
    <strong>
      Danila
    </strong>
    , nice to e-meet you!
  </p>
  <h2>
    Social Presence
  </h2>
  <SocialPresence
    items={
      Array [
        Object {
          "title": "LinkedIn",
          "url": "https://www.linkedin.com/in/loginov-rocks/",
        },
        Object {
          "title": "GitHub",
          "url": "https://github.com/loginov-rocks",
        },
        Object {
          "title": "Medium",
          "url": "https://loginov-rocks.medium.com/",
        },
        Object {
          "title": "DRIVE2",
          "url": "https://www.drive2.com/r/toyota/chaser/288230376151952785/",
          "url2": "https://www.drive2.ru/r/toyota/chaser/288230376151952785/",
        },
        Object {
          "title": "Instagram",
          "url": "https://www.instagram.com/loginov_rocks/",
        },
        Object {
          "title": "Facebook",
          "url": "https://www.facebook.com/danila.rocks",
        },
        Object {
          "title": "Twitter",
          "url": "https://twitter.com/loginov_rocks",
        },
        Object {
          "title": "npm",
          "url": "https://www.npmjs.com/~loginov-rocks",
        },
        Object {
          "title": "Stack Overflow",
          "url": "https://stackoverflow.com/users/5021580/danila-loginov",
        },
        Object {
          "title": "vk",
          "url": "https://vk.com/danilaloginov",
        },
        Object {
          "title": "YouTube",
          "url": "https://www.youtube.com/c/DanilaLoginov",
        },
      ]
    }
  />
  <h2>
    Open Source
  </h2>
  <h3>
    Projects
  </h3>
  <WorksList
    gitHubRepos={Array []}
    works={
      Array [
        "Web-Bluetooth-Terminal",
        "Portfolio",
        "Firebase-Authenticator",
        "Angular-Gulp-Boilerplate",
        "Connected-Espresso-Machine",
        "NodeMCU-Arduino-PlatformIO",
        "loginov-rocks",
        "Node-AWS-App",
        "Cordova-Bluetooth-Terminal",
        "AWS-IoT-GSM-Modem",
        "Build-Lambda-in-Docker",
      ]
    }
  />
  <h3>
    Libraries
  </h3>
  <WorksList
    gitHubRepos={Array []}
    works={
      Array [
        "UbxGps",
        "bluetooth-terminal",
        "canvas-heightmap",
        "comments-extractor",
        "gulpdoc",
        "gulp-locales-bundler",
        "locales-bundler",
        "react-native-redux-form",
        "redux-repository",
        "three-sky",
        "ooyala-player-component",
      ]
    }
  />
</Fragment>
`;
