// Jest Snapshot v1, https://goo.gl/fbAQLP

exports[`matches snapshot 1`] = `
<Fragment>
  <h2>
    Learning
  </h2>
  <LearningSectionFilter
    filterProvider={null}
    filterYear={null}
    onSelectProvider={[Function]}
    onSelectYear={[Function]}
    providers={Array []}
    years={Array []}
  />
  <ContextProvider
    value={
      Object {
        "addCompleted": [Function],
        "addProvider": [Function],
        "filterProvider": null,
        "filterYear": null,
      }
    }
  />
</Fragment>
`;
