// Jest Snapshot v1, https://goo.gl/fbAQLP

exports[`matches snapshot 1`] = `
<Fragment>
  <h2>
    Learning
  </h2>
  <LearningSectionFilter
    filterYear={null}
    onSelectYear={[Function]}
    years={Array []}
  />
  <ContextProvider
    value={
      Object {
        "addCompleted": [Function],
        "filterYear": null,
      }
    }
  />
</Fragment>
`;
